[   23711ms] [ERROR] Failed to load resource: the server responded with a status of 404 () @ https://landingdemos-test.vercel.app/assets/css/fancybox.css:0
[   23722ms] [ERROR] Failed to load resource: the server responded with a status of 404 () @ https://landingdemos-test.vercel.app/assets/css/swiper-bundle.min.css:0
[   23732ms] [ERROR] Failed to load resource: the server responded with a status of 404 () @ https://landingdemos-test.vercel.app/assets/images/hero-7-1.jpeg:0
[   23747ms] [ERROR] Failed to load resource: the server responded with a status of 404 () @ https://landingdemos-test.vercel.app/assets/images/hero-11-1.jpeg:0
[   23748ms] [ERROR] Failed to load resource: the server responded with a status of 404 () @ https://landingdemos-test.vercel.app/assets/images/hero-9-1.jpeg:0
[   23749ms] [ERROR] Failed to load resource: the server responded with a status of 404 () @ https://landingdemos-test.vercel.app/assets/images/hero-5-1.jpeg:0
[   23764ms] [ERROR] Failed to load resource: the server responded with a status of 404 () @ https://landingdemos-test.vercel.app/assets/images/fixit-logo-1.png:0
[   23772ms] [ERROR] Failed to load resource: the server responded with a status of 404 () @ https://landingdemos-test.vercel.app/assets/css/google-fonts.css:0
[   23781ms] [ERROR] Failed to load resource: the server responded with a status of 404 () @ https://landingdemos-test.vercel.app/assets/css/main.css?v=16:0
[   23846ms] [ERROR] Failed to load resource: the server responded with a status of 404 () @ https://landingdemos-test.vercel.app/assets/js/main.js:0
[   23846ms] [ERROR] Failed to load resource: the server responded with a status of 404 () @ https://landingdemos-test.vercel.app/assets/js/fancybox.umd.js:0
[   23846ms] [ERROR] Failed to load resource: the server responded with a status of 404 () @ https://landingdemos-test.vercel.app/assets/js/swiper-bundle.min.js:0
[   23846ms] [ERROR] Failed to load resource: the server responded with a status of 404 () @ https://landingdemos-test.vercel.app/assets/js/gsap.min.js:0
[   23846ms] [ERROR] Failed to load resource: the server responded with a status of 404 () @ https://landingdemos-test.vercel.app/assets/js/ScrollTrigger.min.js:0
[   23851ms] [ERROR] Failed to load resource: the server responded with a status of 404 () @ https://landingdemos-test.vercel.app/assets/js/gsap-enhance.js?v=4:0
[   23856ms] [ERROR] Failed to load resource: the server responded with a status of 404 () @ https://landingdemos-test.vercel.app/assets/js/Flip.min.js:0
[   24883ms] [ERROR] Failed to load resource: the server responded with a status of 404 () @ https://landingdemos-test.vercel.app/assets/images/favicon.ico:0
[   26335ms] [ERROR] Failed to load resource: the server responded with a status of 404 () @ https://landingdemos-test.vercel.app/assets/images/hero-7-1.jpeg:0
[   26341ms] [ERROR] Failed to load resource: the server responded with a status of 404 () @ https://landingdemos-test.vercel.app/assets/css/google-fonts.css:0
[   26343ms] [ERROR] Failed to load resource: the server responded with a status of 404 () @ https://landingdemos-test.vercel.app/assets/js/swiper-bundle.min.js:0
[   26349ms] [ERROR] Failed to load resource: the server responded with a status of 404 () @ https://landingdemos-test.vercel.app/assets/css/swiper-bundle.min.css:0
[   26352ms] [ERROR] Failed to load resource: the server responded with a status of 404 () @ https://landingdemos-test.vercel.app/assets/images/hero-9-1.jpeg:0
[   26368ms] [ERROR] Failed to load resource: the server responded with a status of 404 () @ https://landingdemos-test.vercel.app/assets/images/hero-11-1.jpeg:0
[   26373ms] [ERROR] Failed to load resource: the server responded with a status of 404 () @ https://landingdemos-test.vercel.app/assets/images/fixit-logo-1.png:0
[   26377ms] [ERROR] Failed to load resource: the server responded with a status of 404 () @ https://landingdemos-test.vercel.app/assets/css/fancybox.css:0
[   26382ms] [ERROR] Failed to load resource: the server responded with a status of 404 () @ https://landingdemos-test.vercel.app/assets/images/hero-5-1.jpeg:0
[   26394ms] [ERROR] Failed to load resource: the server responded with a status of 404 () @ https://landingdemos-test.vercel.app/assets/css/main.css?v=16:0
[   26409ms] [ERROR] Failed to load resource: the server responded with a status of 404 () @ https://landingdemos-test.vercel.app/assets/js/main.js:0
[   26409ms] [ERROR] Failed to load resource: the server responded with a status of 404 () @ https://landingdemos-test.vercel.app/assets/js/fancybox.umd.js:0
[   26419ms] [ERROR] Failed to load resource: the server responded with a status of 404 () @ https://landingdemos-test.vercel.app/assets/js/gsap.min.js:0
[   26426ms] [ERROR] Failed to load resource: the server responded with a status of 404 () @ https://landingdemos-test.vercel.app/assets/js/Flip.min.js:0
[   26426ms] [ERROR] Failed to load resource: the server responded with a status of 404 () @ https://landingdemos-test.vercel.app/assets/js/ScrollTrigger.min.js:0
[   26426ms] [ERROR] Failed to load resource: the server responded with a status of 404 () @ https://landingdemos-test.vercel.app/assets/js/gsap-enhance.js?v=4:0
[   35895ms] [ERROR] Failed to load resource: the server responded with a status of 404 () @ https://landingdemos.vercel.app/assets/css/swiper-bundle.min.css:0
[   35901ms] [ERROR] Failed to load resource: the server responded with a status of 404 () @ https://landingdemos.vercel.app/assets/css/google-fonts.css:0
[   35906ms] [ERROR] Failed to load resource: the server responded with a status of 404 () @ https://landingdemos.vercel.app/assets/css/fancybox.css:0
[   35907ms] [ERROR] Failed to load resource: the server responded with a status of 404 () @ https://landingdemos.vercel.app/assets/images/hero-7-1.jpeg:0
[   35921ms] [ERROR] Failed to load resource: the server responded with a status of 404 () @ https://landingdemos.vercel.app/assets/images/hero-5-1.jpeg:0
[   35921ms] [ERROR] Failed to load resource: the server responded with a status of 404 () @ https://landingdemos.vercel.app/assets/images/hero-9-1.jpeg:0
[   35926ms] [ERROR] Failed to load resource: the server responded with a status of 404 () @ https://landingdemos.vercel.app/assets/css/main.css?v=16:0
[   35991ms] [ERROR] Failed to load resource: the server responded with a status of 404 () @ https://landingdemos.vercel.app/assets/images/hero-11-1.jpeg:0
[   35991ms] [ERROR] Failed to load resource: the server responded with a status of 404 () @ https://landingdemos.vercel.app/assets/js/fancybox.umd.js:0
[   35991ms] [ERROR] Failed to load resource: the server responded with a status of 404 () @ https://landingdemos.vercel.app/assets/js/main.js:0
[   35992ms] [ERROR] Failed to load resource: the server responded with a status of 404 () @ https://landingdemos.vercel.app/assets/js/Flip.min.js:0
[   35992ms] [ERROR] Failed to load resource: the server responded with a status of 404 () @ https://landingdemos.vercel.app/assets/js/ScrollTrigger.min.js:0
[   35992ms] [ERROR] Failed to load resource: the server responded with a status of 404 () @ https://landingdemos.vercel.app/assets/js/gsap.min.js:0
[   35999ms] [ERROR] Failed to load resource: the server responded with a status of 404 () @ https://landingdemos.vercel.app/assets/js/gsap-enhance.js?v=4:0
[   36006ms] [ERROR] Failed to load resource: the server responded with a status of 404 () @ https://landingdemos.vercel.app/assets/js/swiper-bundle.min.js:0
[   36160ms] [ERROR] Failed to load resource: the server responded with a status of 404 () @ https://landingdemos.vercel.app/assets/images/fixit-logo-1.png:0
[   36265ms] [ERROR] Failed to load resource: the server responded with a status of 404 () @ https://landingdemos.vercel.app/assets/images/favicon.ico:0
[   39360ms] [ERROR] Failed to load resource: the server responded with a status of 404 () @ https://landingdemos.vercel.app/assets/css/google-fonts.css:0
[   39373ms] [ERROR] Failed to load resource: the server responded with a status of 404 () @ https://landingdemos.vercel.app/assets/css/swiper-bundle.min.css:0
[   39376ms] [ERROR] Failed to load resource: the server responded with a status of 404 () @ https://landingdemos.vercel.app/assets/js/fancybox.umd.js:0
[   39380ms] [ERROR] Failed to load resource: the server responded with a status of 404 () @ https://landingdemos.vercel.app/assets/js/main.js:0
[   39386ms] [ERROR] Failed to load resource: the server responded with a status of 404 () @ https://landingdemos.vercel.app/assets/js/ScrollTrigger.min.js:0
[   39397ms] [ERROR] Failed to load resource: the server responded with a status of 404 () @ https://landingdemos.vercel.app/assets/images/hero-5-1.jpeg:0
[   39402ms] [ERROR] Failed to load resource: the server responded with a status of 404 () @ https://landingdemos.vercel.app/assets/js/swiper-bundle.min.js:0
[   39407ms] [ERROR] Failed to load resource: the server responded with a status of 404 () @ https://landingdemos.vercel.app/assets/images/hero-7-1.jpeg:0
[   39421ms] [ERROR] Failed to load resource: the server responded with a status of 404 () @ https://landingdemos.vercel.app/assets/css/fancybox.css:0
[   39423ms] [ERROR] Failed to load resource: the server responded with a status of 404 () @ https://landingdemos.vercel.app/assets/css/main.css?v=16:0
[   39435ms] [ERROR] Failed to load resource: the server responded with a status of 404 () @ https://landingdemos.vercel.app/assets/js/gsap-enhance.js?v=4:0
[   39435ms] [ERROR] Failed to load resource: the server responded with a status of 404 () @ https://landingdemos.vercel.app/assets/js/gsap.min.js:0
[   39436ms] [ERROR] Failed to load resource: the server responded with a status of 404 () @ https://landingdemos.vercel.app/assets/js/Flip.min.js:0
[   39446ms] [ERROR] Failed to load resource: the server responded with a status of 404 () @ https://landingdemos.vercel.app/assets/images/hero-9-1.jpeg:0
[   39454ms] [ERROR] Failed to load resource: the server responded with a status of 404 () @ https://landingdemos.vercel.app/assets/images/fixit-logo-1.png:0
[   39458ms] [ERROR] Failed to load resource: the server responded with a status of 404 () @ https://landingdemos.vercel.app/assets/images/hero-11-1.jpeg:0
[   39560ms] [ERROR] Failed to load resource: the server responded with a status of 404 () @ https://landingdemos.vercel.app/assets/images/favicon.ico:0
[   41716ms] [ERROR] Failed to load resource: the server responded with a status of 404 () @ https://landingdemos.vercel.app/assets/images/hero-9-1.jpeg:0
[   41717ms] [ERROR] Failed to load resource: the server responded with a status of 404 () @ https://landingdemos.vercel.app/assets/images/fixit-logo-1.png:0
[   41730ms] [ERROR] Failed to load resource: the server responded with a status of 404 () @ https://landingdemos.vercel.app/assets/css/fancybox.css:0
[   41732ms] [ERROR] Failed to load resource: the server responded with a status of 404 () @ https://landingdemos.vercel.app/assets/images/hero-11-1.jpeg:0
[   41734ms] [ERROR] Failed to load resource: the server responded with a status of 404 () @ https://landingdemos.vercel.app/assets/js/swiper-bundle.min.js:0
[   41739ms] [ERROR] Failed to load resource: the server responded with a status of 404 () @ https://landingdemos.vercel.app/assets/images/hero-7-1.jpeg:0
[   41744ms] [ERROR] Failed to load resource: the server responded with a status of 404 () @ https://landingdemos.vercel.app/assets/js/ScrollTrigger.min.js:0
[   41759ms] [ERROR] Failed to load resource: the server responded with a status of 404 () @ https://landingdemos.vercel.app/assets/js/gsap-enhance.js?v=4:0
[   41766ms] [ERROR] Failed to load resource: the server responded with a status of 404 () @ https://landingdemos.vercel.app/assets/images/hero-5-1.jpeg:0
[   41770ms] [ERROR] Failed to load resource: the server responded with a status of 404 () @ https://landingdemos.vercel.app/assets/css/swiper-bundle.min.css:0
[   41776ms] [ERROR] Failed to load resource: the server responded with a status of 404 () @ https://landingdemos.vercel.app/assets/js/fancybox.umd.js:0
[   41786ms] [ERROR] Failed to load resource: the server responded with a status of 404 () @ https://landingdemos.vercel.app/assets/css/main.css?v=16:0
[   41796ms] [ERROR] Failed to load resource: the server responded with a status of 404 () @ https://landingdemos.vercel.app/assets/css/google-fonts.css:0
[   41809ms] [ERROR] Failed to load resource: the server responded with a status of 404 () @ https://landingdemos.vercel.app/assets/js/main.js:0
[   41810ms] [ERROR] Failed to load resource: the server responded with a status of 404 () @ https://landingdemos.vercel.app/assets/js/Flip.min.js:0
[   41810ms] [ERROR] Failed to load resource: the server responded with a status of 404 () @ https://landingdemos.vercel.app/assets/js/gsap.min.js:0
[   49212ms] [ERROR] Failed to load resource: the server responded with a status of 404 () @ https://landingdemos.vercel.app/favicon.ico:0
