[      91ms] [WARNING] GSAP target .eyebrow--reveal not found. https://gsap.com @ https://cdn.jsdelivr.net/npm/gsap@3/dist/gsap.min.js:9
[      91ms] [WARNING] GSAP target  not found. https://gsap.com @ https://cdn.jsdelivr.net/npm/gsap@3/dist/gsap.min.js:9
[      91ms] [WARNING] GSAP target .hero__title .line not found. https://gsap.com @ https://cdn.jsdelivr.net/npm/gsap@3/dist/gsap.min.js:9
[      91ms] [WARNING] GSAP target  not found. https://gsap.com @ https://cdn.jsdelivr.net/npm/gsap@3/dist/gsap.min.js:9
[      92ms] [WARNING] GSAP target .hero__sub not found. https://gsap.com @ https://cdn.jsdelivr.net/npm/gsap@3/dist/gsap.min.js:9
[      92ms] [WARNING] GSAP target  not found. https://gsap.com @ https://cdn.jsdelivr.net/npm/gsap@3/dist/gsap.min.js:9
[      92ms] [WARNING] GSAP target .hero__cta > * not found. https://gsap.com @ https://cdn.jsdelivr.net/npm/gsap@3/dist/gsap.min.js:9
[      92ms] [WARNING] GSAP target  not found. https://gsap.com @ https://cdn.jsdelivr.net/npm/gsap@3/dist/gsap.min.js:9
[      92ms] [WARNING] GSAP target .hero__spec > div not found. https://gsap.com @ https://cdn.jsdelivr.net/npm/gsap@3/dist/gsap.min.js:9
[      92ms] [WARNING] GSAP target  not found. https://gsap.com @ https://cdn.jsdelivr.net/npm/gsap@3/dist/gsap.min.js:9
[      92ms] [WARNING] GSAP target .hero__bearing not found. https://gsap.com @ https://cdn.jsdelivr.net/npm/gsap@3/dist/gsap.min.js:9
[      93ms] [WARNING] GSAP target  not found. https://gsap.com @ https://cdn.jsdelivr.net/npm/gsap@3/dist/gsap.min.js:9
[   65341ms] [WARNING] GSAP target .eyebrow--reveal not found. https://gsap.com @ https://cdn.jsdelivr.net/npm/gsap@3/dist/gsap.min.js:9
[   65341ms] [WARNING] GSAP target  not found. https://gsap.com @ https://cdn.jsdelivr.net/npm/gsap@3/dist/gsap.min.js:9
[   65341ms] [WARNING] GSAP target .hero__title .line not found. https://gsap.com @ https://cdn.jsdelivr.net/npm/gsap@3/dist/gsap.min.js:9
[   65342ms] [WARNING] GSAP target  not found. https://gsap.com @ https://cdn.jsdelivr.net/npm/gsap@3/dist/gsap.min.js:9
[   65342ms] [WARNING] GSAP target .hero__sub not found. https://gsap.com @ https://cdn.jsdelivr.net/npm/gsap@3/dist/gsap.min.js:9
[   65342ms] [WARNING] GSAP target  not found. https://gsap.com @ https://cdn.jsdelivr.net/npm/gsap@3/dist/gsap.min.js:9
[   65342ms] [WARNING] GSAP target .hero__cta > * not found. https://gsap.com @ https://cdn.jsdelivr.net/npm/gsap@3/dist/gsap.min.js:9
[   65342ms] [WARNING] GSAP target  not found. https://gsap.com @ https://cdn.jsdelivr.net/npm/gsap@3/dist/gsap.min.js:9
[   65342ms] [WARNING] GSAP target .hero__spec > div not found. https://gsap.com @ https://cdn.jsdelivr.net/npm/gsap@3/dist/gsap.min.js:9
[   65342ms] [WARNING] GSAP target  not found. https://gsap.com @ https://cdn.jsdelivr.net/npm/gsap@3/dist/gsap.min.js:9
[   65342ms] [WARNING] GSAP target .hero__bearing not found. https://gsap.com @ https://cdn.jsdelivr.net/npm/gsap@3/dist/gsap.min.js:9
[   65343ms] [WARNING] GSAP target  not found. https://gsap.com @ https://cdn.jsdelivr.net/npm/gsap@3/dist/gsap.min.js:9
[  130127ms] [WARNING] GSAP target .eyebrow--reveal not found. https://gsap.com @ https://cdn.jsdelivr.net/npm/gsap@3/dist/gsap.min.js:9
[  130128ms] [WARNING] GSAP target  not found. https://gsap.com @ https://cdn.jsdelivr.net/npm/gsap@3/dist/gsap.min.js:9
[  130128ms] [WARNING] GSAP target .hero__title .line not found. https://gsap.com @ https://cdn.jsdelivr.net/npm/gsap@3/dist/gsap.min.js:9
[  130128ms] [WARNING] GSAP target  not found. https://gsap.com @ https://cdn.jsdelivr.net/npm/gsap@3/dist/gsap.min.js:9
[  130128ms] [WARNING] GSAP target .hero__sub not found. https://gsap.com @ https://cdn.jsdelivr.net/npm/gsap@3/dist/gsap.min.js:9
[  130128ms] [WARNING] GSAP target  not found. https://gsap.com @ https://cdn.jsdelivr.net/npm/gsap@3/dist/gsap.min.js:9
[  130129ms] [WARNING] GSAP target .hero__cta > * not found. https://gsap.com @ https://cdn.jsdelivr.net/npm/gsap@3/dist/gsap.min.js:9
[  130129ms] [WARNING] GSAP target  not found. https://gsap.com @ https://cdn.jsdelivr.net/npm/gsap@3/dist/gsap.min.js:9
[  130129ms] [WARNING] GSAP target .hero__spec > div not found. https://gsap.com @ https://cdn.jsdelivr.net/npm/gsap@3/dist/gsap.min.js:9
[  130129ms] [WARNING] GSAP target  not found. https://gsap.com @ https://cdn.jsdelivr.net/npm/gsap@3/dist/gsap.min.js:9
[  130129ms] [WARNING] GSAP target .hero__bearing not found. https://gsap.com @ https://cdn.jsdelivr.net/npm/gsap@3/dist/gsap.min.js:9
[  130129ms] [WARNING] GSAP target  not found. https://gsap.com @ https://cdn.jsdelivr.net/npm/gsap@3/dist/gsap.min.js:9
[  132468ms] [WARNING] GSAP target .eyebrow--reveal not found. https://gsap.com @ https://cdn.jsdelivr.net/npm/gsap@3/dist/gsap.min.js:9
[  132469ms] [WARNING] GSAP target  not found. https://gsap.com @ https://cdn.jsdelivr.net/npm/gsap@3/dist/gsap.min.js:9
[  132469ms] [WARNING] GSAP target .hero__title .line not found. https://gsap.com @ https://cdn.jsdelivr.net/npm/gsap@3/dist/gsap.min.js:9
[  132469ms] [WARNING] GSAP target  not found. https://gsap.com @ https://cdn.jsdelivr.net/npm/gsap@3/dist/gsap.min.js:9
[  132469ms] [WARNING] GSAP target .hero__sub not found. https://gsap.com @ https://cdn.jsdelivr.net/npm/gsap@3/dist/gsap.min.js:9
[  132470ms] [WARNING] GSAP target  not found. https://gsap.com @ https://cdn.jsdelivr.net/npm/gsap@3/dist/gsap.min.js:9
[  132473ms] [WARNING] GSAP target .hero__spec > div not found. https://gsap.com @ https://cdn.jsdelivr.net/npm/gsap@3/dist/gsap.min.js:9
[  132473ms] [WARNING] GSAP target  not found. https://gsap.com @ https://cdn.jsdelivr.net/npm/gsap@3/dist/gsap.min.js:9
[  132473ms] [WARNING] GSAP target .hero__bearing not found. https://gsap.com @ https://cdn.jsdelivr.net/npm/gsap@3/dist/gsap.min.js:9
[  132473ms] [WARNING] GSAP target  not found. https://gsap.com @ https://cdn.jsdelivr.net/npm/gsap@3/dist/gsap.min.js:9
[  135074ms] [WARNING] GSAP target .eyebrow--reveal not found. https://gsap.com @ https://cdn.jsdelivr.net/npm/gsap@3/dist/gsap.min.js:9
[  135074ms] [WARNING] GSAP target  not found. https://gsap.com @ https://cdn.jsdelivr.net/npm/gsap@3/dist/gsap.min.js:9
[  135074ms] [WARNING] GSAP target .hero__title .line not found. https://gsap.com @ https://cdn.jsdelivr.net/npm/gsap@3/dist/gsap.min.js:9
[  135075ms] [WARNING] GSAP target  not found. https://gsap.com @ https://cdn.jsdelivr.net/npm/gsap@3/dist/gsap.min.js:9
[  135075ms] [WARNING] GSAP target .hero__sub not found. https://gsap.com @ https://cdn.jsdelivr.net/npm/gsap@3/dist/gsap.min.js:9
[  135075ms] [WARNING] GSAP target  not found. https://gsap.com @ https://cdn.jsdelivr.net/npm/gsap@3/dist/gsap.min.js:9
[  135077ms] [WARNING] GSAP target .hero__spec > div not found. https://gsap.com @ https://cdn.jsdelivr.net/npm/gsap@3/dist/gsap.min.js:9
[  135077ms] [WARNING] GSAP target  not found. https://gsap.com @ https://cdn.jsdelivr.net/npm/gsap@3/dist/gsap.min.js:9
[  135077ms] [WARNING] GSAP target .hero__bearing not found. https://gsap.com @ https://cdn.jsdelivr.net/npm/gsap@3/dist/gsap.min.js:9
[  135077ms] [WARNING] GSAP target  not found. https://gsap.com @ https://cdn.jsdelivr.net/npm/gsap@3/dist/gsap.min.js:9
[  137722ms] [WARNING] GSAP target .eyebrow--reveal not found. https://gsap.com @ https://cdn.jsdelivr.net/npm/gsap@3/dist/gsap.min.js:9
[  137722ms] [WARNING] GSAP target  not found. https://gsap.com @ https://cdn.jsdelivr.net/npm/gsap@3/dist/gsap.min.js:9
[  137722ms] [WARNING] GSAP target .hero__title .line not found. https://gsap.com @ https://cdn.jsdelivr.net/npm/gsap@3/dist/gsap.min.js:9
[  137722ms] [WARNING] GSAP target  not found. https://gsap.com @ https://cdn.jsdelivr.net/npm/gsap@3/dist/gsap.min.js:9
[  137722ms] [WARNING] GSAP target .hero__sub not found. https://gsap.com @ https://cdn.jsdelivr.net/npm/gsap@3/dist/gsap.min.js:9
[  137722ms] [WARNING] GSAP target  not found. https://gsap.com @ https://cdn.jsdelivr.net/npm/gsap@3/dist/gsap.min.js:9
[  137723ms] [WARNING] GSAP target .hero__cta > * not found. https://gsap.com @ https://cdn.jsdelivr.net/npm/gsap@3/dist/gsap.min.js:9
[  137723ms] [WARNING] GSAP target  not found. https://gsap.com @ https://cdn.jsdelivr.net/npm/gsap@3/dist/gsap.min.js:9
[  137723ms] [WARNING] GSAP target .hero__spec > div not found. https://gsap.com @ https://cdn.jsdelivr.net/npm/gsap@3/dist/gsap.min.js:9
[  137723ms] [WARNING] GSAP target  not found. https://gsap.com @ https://cdn.jsdelivr.net/npm/gsap@3/dist/gsap.min.js:9
[  137723ms] [WARNING] GSAP target .hero__bearing not found. https://gsap.com @ https://cdn.jsdelivr.net/npm/gsap@3/dist/gsap.min.js:9
[  137723ms] [WARNING] GSAP target  not found. https://gsap.com @ https://cdn.jsdelivr.net/npm/gsap@3/dist/gsap.min.js:9
[  138357ms] [WARNING] GSAP target .eyebrow--reveal not found. https://gsap.com @ https://cdn.jsdelivr.net/npm/gsap@3/dist/gsap.min.js:9
[  138357ms] [WARNING] GSAP target  not found. https://gsap.com @ https://cdn.jsdelivr.net/npm/gsap@3/dist/gsap.min.js:9
[  138357ms] [WARNING] GSAP target .hero__title .line not found. https://gsap.com @ https://cdn.jsdelivr.net/npm/gsap@3/dist/gsap.min.js:9
[  138357ms] [WARNING] GSAP target  not found. https://gsap.com @ https://cdn.jsdelivr.net/npm/gsap@3/dist/gsap.min.js:9
[  138357ms] [WARNING] GSAP target .hero__sub not found. https://gsap.com @ https://cdn.jsdelivr.net/npm/gsap@3/dist/gsap.min.js:9
[  138357ms] [WARNING] GSAP target  not found. https://gsap.com @ https://cdn.jsdelivr.net/npm/gsap@3/dist/gsap.min.js:9
[  138358ms] [WARNING] GSAP target .hero__cta > * not found. https://gsap.com @ https://cdn.jsdelivr.net/npm/gsap@3/dist/gsap.min.js:9
[  138358ms] [WARNING] GSAP target  not found. https://gsap.com @ https://cdn.jsdelivr.net/npm/gsap@3/dist/gsap.min.js:9
[  138358ms] [WARNING] GSAP target .hero__spec > div not found. https://gsap.com @ https://cdn.jsdelivr.net/npm/gsap@3/dist/gsap.min.js:9
[  138358ms] [WARNING] GSAP target  not found. https://gsap.com @ https://cdn.jsdelivr.net/npm/gsap@3/dist/gsap.min.js:9
[  138358ms] [WARNING] GSAP target .hero__bearing not found. https://gsap.com @ https://cdn.jsdelivr.net/npm/gsap@3/dist/gsap.min.js:9
[  138358ms] [WARNING] GSAP target  not found. https://gsap.com @ https://cdn.jsdelivr.net/npm/gsap@3/dist/gsap.min.js:9
[  152094ms] [WARNING] GSAP target .eyebrow--reveal not found. https://gsap.com @ https://cdn.jsdelivr.net/npm/gsap@3/dist/gsap.min.js:9
[  152094ms] [WARNING] GSAP target  not found. https://gsap.com @ https://cdn.jsdelivr.net/npm/gsap@3/dist/gsap.min.js:9
[  152094ms] [WARNING] GSAP target .hero__title .line not found. https://gsap.com @ https://cdn.jsdelivr.net/npm/gsap@3/dist/gsap.min.js:9
[  152095ms] [WARNING] GSAP target  not found. https://gsap.com @ https://cdn.jsdelivr.net/npm/gsap@3/dist/gsap.min.js:9
[  152095ms] [WARNING] GSAP target .hero__sub not found. https://gsap.com @ https://cdn.jsdelivr.net/npm/gsap@3/dist/gsap.min.js:9
[  152095ms] [WARNING] GSAP target  not found. https://gsap.com @ https://cdn.jsdelivr.net/npm/gsap@3/dist/gsap.min.js:9
[  152095ms] [WARNING] GSAP target .hero__cta > * not found. https://gsap.com @ https://cdn.jsdelivr.net/npm/gsap@3/dist/gsap.min.js:9
[  152095ms] [WARNING] GSAP target  not found. https://gsap.com @ https://cdn.jsdelivr.net/npm/gsap@3/dist/gsap.min.js:9
[  152095ms] [WARNING] GSAP target .hero__spec > div not found. https://gsap.com @ https://cdn.jsdelivr.net/npm/gsap@3/dist/gsap.min.js:9
[  152095ms] [WARNING] GSAP target  not found. https://gsap.com @ https://cdn.jsdelivr.net/npm/gsap@3/dist/gsap.min.js:9
[  152095ms] [WARNING] GSAP target .hero__bearing not found. https://gsap.com @ https://cdn.jsdelivr.net/npm/gsap@3/dist/gsap.min.js:9
[  152095ms] [WARNING] GSAP target  not found. https://gsap.com @ https://cdn.jsdelivr.net/npm/gsap@3/dist/gsap.min.js:9
[  164408ms] [WARNING] GSAP target .eyebrow--reveal not found. https://gsap.com @ https://cdn.jsdelivr.net/npm/gsap@3/dist/gsap.min.js:9
[  164408ms] [WARNING] GSAP target  not found. https://gsap.com @ https://cdn.jsdelivr.net/npm/gsap@3/dist/gsap.min.js:9
[  164409ms] [WARNING] GSAP target .hero__title .line not found. https://gsap.com @ https://cdn.jsdelivr.net/npm/gsap@3/dist/gsap.min.js:9
[  164409ms] [WARNING] GSAP target  not found. https://gsap.com @ https://cdn.jsdelivr.net/npm/gsap@3/dist/gsap.min.js:9
[  164409ms] [WARNING] GSAP target .hero__sub not found. https://gsap.com @ https://cdn.jsdelivr.net/npm/gsap@3/dist/gsap.min.js:9
[  164409ms] [WARNING] GSAP target  not found. https://gsap.com @ https://cdn.jsdelivr.net/npm/gsap@3/dist/gsap.min.js:9
[  164409ms] [WARNING] GSAP target .hero__cta > * not found. https://gsap.com @ https://cdn.jsdelivr.net/npm/gsap@3/dist/gsap.min.js:9
[  164409ms] [WARNING] GSAP target  not found. https://gsap.com @ https://cdn.jsdelivr.net/npm/gsap@3/dist/gsap.min.js:9
[  164409ms] [WARNING] GSAP target .hero__spec > div not found. https://gsap.com @ https://cdn.jsdelivr.net/npm/gsap@3/dist/gsap.min.js:9
[  164410ms] [WARNING] GSAP target  not found. https://gsap.com @ https://cdn.jsdelivr.net/npm/gsap@3/dist/gsap.min.js:9
[  164410ms] [WARNING] GSAP target .hero__bearing not found. https://gsap.com @ https://cdn.jsdelivr.net/npm/gsap@3/dist/gsap.min.js:9
[  164410ms] [WARNING] GSAP target  not found. https://gsap.com @ https://cdn.jsdelivr.net/npm/gsap@3/dist/gsap.min.js:9
[  180336ms] [WARNING] GSAP target .eyebrow--reveal not found. https://gsap.com @ https://cdn.jsdelivr.net/npm/gsap@3/dist/gsap.min.js:9
[  180336ms] [WARNING] GSAP target  not found. https://gsap.com @ https://cdn.jsdelivr.net/npm/gsap@3/dist/gsap.min.js:9
[  180336ms] [WARNING] GSAP target .hero__title .line not found. https://gsap.com @ https://cdn.jsdelivr.net/npm/gsap@3/dist/gsap.min.js:9
[  180336ms] [WARNING] GSAP target  not found. https://gsap.com @ https://cdn.jsdelivr.net/npm/gsap@3/dist/gsap.min.js:9
[  180337ms] [WARNING] GSAP target .hero__sub not found. https://gsap.com @ https://cdn.jsdelivr.net/npm/gsap@3/dist/gsap.min.js:9
[  180337ms] [WARNING] GSAP target  not found. https://gsap.com @ https://cdn.jsdelivr.net/npm/gsap@3/dist/gsap.min.js:9
[  180338ms] [WARNING] GSAP target .hero__spec > div not found. https://gsap.com @ https://cdn.jsdelivr.net/npm/gsap@3/dist/gsap.min.js:9
[  180338ms] [WARNING] GSAP target  not found. https://gsap.com @ https://cdn.jsdelivr.net/npm/gsap@3/dist/gsap.min.js:9
[  180338ms] [WARNING] GSAP target .hero__bearing not found. https://gsap.com @ https://cdn.jsdelivr.net/npm/gsap@3/dist/gsap.min.js:9
[  180338ms] [WARNING] GSAP target  not found. https://gsap.com @ https://cdn.jsdelivr.net/npm/gsap@3/dist/gsap.min.js:9
