[    1921ms] [ERROR] Failed to load resource: the server responded with a status of 404 () @ https://landingdemos.vercel.app/assets/css/google-fonts.css:0
[    1922ms] [ERROR] Failed to load resource: the server responded with a status of 404 () @ https://landingdemos.vercel.app/assets/css/main.css?v=16:0
[    1923ms] [ERROR] Failed to load resource: the server responded with a status of 404 () @ https://landingdemos.vercel.app/assets/css/swiper-bundle.min.css:0
[    1925ms] [ERROR] Failed to load resource: the server responded with a status of 404 () @ https://landingdemos.vercel.app/assets/css/fancybox.css:0
[    1925ms] [ERROR] Failed to load resource: the server responded with a status of 404 () @ https://landingdemos.vercel.app/assets/images/hero-5-1.jpeg:0
[    1926ms] [ERROR] Failed to load resource: the server responded with a status of 404 () @ https://landingdemos.vercel.app/assets/images/hero-11-1.jpeg:0
[    1926ms] [ERROR] Failed to load resource: the server responded with a status of 404 () @ https://landingdemos.vercel.app/assets/images/fixit-logo-1.png:0
[    2039ms] [ERROR] Failed to load resource: the server responded with a status of 404 () @ https://landingdemos.vercel.app/assets/images/hero-7-1.jpeg:0
[    2039ms] [ERROR] Failed to load resource: the server responded with a status of 404 () @ https://landingdemos.vercel.app/assets/images/hero-9-1.jpeg:0
[    2040ms] [ERROR] Failed to load resource: the server responded with a status of 404 () @ https://landingdemos.vercel.app/assets/js/main.js:0
[    2040ms] [ERROR] Failed to load resource: the server responded with a status of 404 () @ https://landingdemos.vercel.app/assets/js/swiper-bundle.min.js:0
[    2040ms] [ERROR] Failed to load resource: the server responded with a status of 404 () @ https://landingdemos.vercel.app/assets/js/Flip.min.js:0
[    2041ms] [ERROR] Failed to load resource: the server responded with a status of 404 () @ https://landingdemos.vercel.app/assets/js/gsap-enhance.js?v=4:0
[    2041ms] [ERROR] Failed to load resource: the server responded with a status of 404 () @ https://landingdemos.vercel.app/assets/js/ScrollTrigger.min.js:0
[    2042ms] [ERROR] Failed to load resource: the server responded with a status of 404 () @ https://landingdemos.vercel.app/assets/js/fancybox.umd.js:0
[    2042ms] [ERROR] Failed to load resource: the server responded with a status of 404 () @ https://landingdemos.vercel.app/assets/js/gsap.min.js:0
[    2127ms] [ERROR] Failed to load resource: the server responded with a status of 404 () @ https://landingdemos.vercel.app/assets/images/favicon.ico:0
[    3740ms] [ERROR] Failed to load resource: the server responded with a status of 404 () @ https://landingdemos.vercel.app/assets/css/google-fonts.css:0
[    3743ms] [ERROR] Failed to load resource: the server responded with a status of 404 () @ https://landingdemos.vercel.app/assets/images/hero-5-1.jpeg:0
[    3743ms] [ERROR] Failed to load resource: the server responded with a status of 404 () @ https://landingdemos.vercel.app/assets/css/fancybox.css:0
[    3744ms] [ERROR] Failed to load resource: the server responded with a status of 404 () @ https://landingdemos.vercel.app/assets/images/fixit-logo-1.png:0
[    3744ms] [ERROR] Failed to load resource: the server responded with a status of 404 () @ https://landingdemos.vercel.app/assets/css/main.css?v=16:0
[    3744ms] [ERROR] Failed to load resource: the server responded with a status of 404 () @ https://landingdemos.vercel.app/assets/css/swiper-bundle.min.css:0
[    3744ms] [ERROR] Failed to load resource: the server responded with a status of 404 () @ https://landingdemos.vercel.app/assets/images/hero-7-1.jpeg:0
[    3762ms] [ERROR] Failed to load resource: the server responded with a status of 404 () @ https://landingdemos.vercel.app/assets/images/hero-9-1.jpeg:0
[    3762ms] [ERROR] Failed to load resource: the server responded with a status of 404 () @ https://landingdemos.vercel.app/assets/images/hero-11-1.jpeg:0
[    3763ms] [ERROR] Failed to load resource: the server responded with a status of 404 () @ https://landingdemos.vercel.app/assets/js/swiper-bundle.min.js:0
[    3763ms] [ERROR] Failed to load resource: the server responded with a status of 404 () @ https://landingdemos.vercel.app/assets/js/fancybox.umd.js:0
[    3763ms] [ERROR] Failed to load resource: the server responded with a status of 404 () @ https://landingdemos.vercel.app/assets/js/main.js:0
[    3786ms] [ERROR] Failed to load resource: the server responded with a status of 404 () @ https://landingdemos.vercel.app/assets/js/gsap-enhance.js?v=4:0
[    3786ms] [ERROR] Failed to load resource: the server responded with a status of 404 () @ https://landingdemos.vercel.app/assets/js/gsap.min.js:0
[    3786ms] [ERROR] Failed to load resource: the server responded with a status of 404 () @ https://landingdemos.vercel.app/assets/js/ScrollTrigger.min.js:0
[    3787ms] [ERROR] Failed to load resource: the server responded with a status of 404 () @ https://landingdemos.vercel.app/assets/js/Flip.min.js:0
[    3850ms] [ERROR] Failed to load resource: the server responded with a status of 404 () @ https://landingdemos.vercel.app/assets/images/favicon.ico:0
[    7874ms] [ERROR] Failed to load resource: the server responded with a status of 404 () @ https://landingdemos.vercel.app/favicon.ico:0
